[0.010s][info][gc] Using G1
[0.011s][info][gc,init] Version: 17.0.11+1-b1207.24 (release)
[0.011s][info][gc,init] CPUs: 8 total, 8 available
[0.011s][info][gc,init] Memory: 17878M
[0.012s][info][gc,init] Large Page Support: Disabled
[0.012s][info][gc,init] NUMA Support: Disabled
[0.012s][info][gc,init] Compressed Oops: Enabled (Zero based)
[0.012s][info][gc,init] Heap Region Size: 8M
[0.012s][info][gc,init] Heap Min Capacity: 8M
[0.012s][info][gc,init] Heap Initial Capacity: 280M
[0.012s][info][gc,init] Heap Max Capacity: 12520M
[0.012s][info][gc,init] Pre-touch: Disabled
[0.012s][info][gc,init] Parallel Workers: 8
[0.013s][info][gc,init] Concurrent Workers: 2
[0.013s][info][gc,init] Concurrent Refinement Workers: 8
[0.013s][info][gc,init] Periodic GC: Disabled
[0.013s][info][gc,metaspace] CDS archive(s) not mapped
[0.013s][info][gc,metaspace] Compressed class space mapped at: 0x0000000800000000-0x0000000840000000, reserved size: 1073741824
[0.013s][info][gc,metaspace] Narrow klass base: 0x0000000800000000, Narrow klass shift: 0, Narrow klass range: 0x40000000
[0.195s][info][gc,start    ] GC(0) Pause Young (Normal) (G1 Evacuation Pause)
[0.195s][info][gc,task     ] GC(0) Using 6 workers of 8 for evacuation
[0.201s][info][gc,phases   ] GC(0)   Pre Evacuate Collection Set: 0.1ms
[0.201s][info][gc,phases   ] GC(0)   Merge Heap Roots: 0.1ms
[0.202s][info][gc,phases   ] GC(0)   Evacuate Collection Set: 4.3ms
[0.202s][info][gc,phases   ] GC(0)   Post Evacuate Collection Set: 0.5ms
[0.202s][info][gc,phases   ] GC(0)   Other: 1.0ms
[0.202s][info][gc,heap     ] GC(0) Eden regions: 2->0(1)
[0.202s][info][gc,heap     ] GC(0) Survivor regions: 0->1(1)
[0.203s][info][gc,heap     ] GC(0) Old regions: 0->1
[0.203s][info][gc,heap     ] GC(0) Archive regions: 0->0
[0.203s][info][gc,heap     ] GC(0) Humongous regions: 0->0
[0.203s][info][gc,metaspace] GC(0) Metaspace: 9078K(9216K)->9078K(9216K) NonClass: 8319K(8384K)->8319K(8384K) Class: 759K(832K)->759K(832K)
[0.203s][info][gc          ] GC(0) Pause Young (Normal) (G1 Evacuation Pause) 15M->8M(280M) 8.690ms
[0.203s][info][gc,cpu      ] GC(0) User=0.02s Sys=0.02s Real=0.01s
[0.303s][info][gc,start    ] GC(1) Pause Young (Normal) (G1 Evacuation Pause)
[0.303s][info][gc,task     ] GC(1) Using 6 workers of 8 for evacuation
[0.310s][info][gc,phases   ] GC(1)   Pre Evacuate Collection Set: 0.1ms
[0.310s][info][gc,phases   ] GC(1)   Merge Heap Roots: 0.1ms
[0.310s][info][gc,phases   ] GC(1)   Evacuate Collection Set: 5.4ms
[0.310s][info][gc,phases   ] GC(1)   Post Evacuate Collection Set: 0.4ms
[0.310s][info][gc,phases   ] GC(1)   Other: 0.4ms
[0.310s][info][gc,heap     ] GC(1) Eden regions: 1->0(2)
[0.310s][info][gc,heap     ] GC(1) Survivor regions: 1->1(1)
[0.310s][info][gc,heap     ] GC(1) Old regions: 1->2
[0.311s][info][gc,heap     ] GC(1) Archive regions: 0->0
[0.311s][info][gc,heap     ] GC(1) Humongous regions: 0->0
[0.311s][info][gc,metaspace] GC(1) Metaspace: 15473K(15680K)->15473K(15680K) NonClass: 14062K(14144K)->14062K(14144K) Class: 1410K(1536K)->1410K(1536K)
[0.311s][info][gc          ] GC(1) Pause Young (Normal) (G1 Evacuation Pause) 16M->11M(280M) 7.665ms
[0.311s][info][gc,cpu      ] GC(1) User=0.03s Sys=0.01s Real=0.01s
[0.389s][info][gc,start    ] GC(2) Pause Young (Normal) (G1 Evacuation Pause)
[0.389s][info][gc,task     ] GC(2) Using 6 workers of 8 for evacuation
[0.397s][info][gc,phases   ] GC(2)   Pre Evacuate Collection Set: 0.1ms
[0.397s][info][gc,phases   ] GC(2)   Merge Heap Roots: 0.1ms
[0.397s][info][gc,phases   ] GC(2)   Evacuate Collection Set: 6.3ms
[0.397s][info][gc,phases   ] GC(2)   Post Evacuate Collection Set: 0.8ms
[0.397s][info][gc,phases   ] GC(2)   Other: 0.4ms
[0.397s][info][gc,heap     ] GC(2) Eden regions: 2->0(4)
[0.397s][info][gc,heap     ] GC(2) Survivor regions: 1->1(1)
[0.398s][info][gc,heap     ] GC(2) Old regions: 2->2
[0.398s][info][gc,heap     ] GC(2) Archive regions: 0->0
[0.398s][info][gc,heap     ] GC(2) Humongous regions: 0->0
[0.398s][info][gc,metaspace] GC(2) Metaspace: 17803K(17984K)->17803K(17984K) NonClass: 16165K(16256K)->16165K(16256K) Class: 1637K(1728K)->1637K(1728K)
[0.398s][info][gc          ] GC(2) Pause Young (Normal) (G1 Evacuation Pause) 27M->19M(280M) 8.886ms
[0.398s][info][gc,cpu      ] GC(2) User=0.01s Sys=0.02s Real=0.01s
[0.496s][info][gc,start    ] GC(3) Pause Young (Concurrent Start) (Metadata GC Threshold)
[0.496s][info][gc,task     ] GC(3) Using 6 workers of 8 for evacuation
[0.509s][info][gc,phases   ] GC(3)   Pre Evacuate Collection Set: 0.1ms
[0.509s][info][gc,phases   ] GC(3)   Merge Heap Roots: 0.1ms
[0.509s][info][gc,phases   ] GC(3)   Evacuate Collection Set: 11.6ms
[0.509s][info][gc,phases   ] GC(3)   Post Evacuate Collection Set: 0.5ms
[0.510s][info][gc,phases   ] GC(3)   Other: 0.7ms
[0.510s][info][gc,heap     ] GC(3) Eden regions: 4->0(4)
[0.510s][info][gc,heap     ] GC(3) Survivor regions: 1->1(1)
[0.510s][info][gc,heap     ] GC(3) Old regions: 2->3
[0.510s][info][gc,heap     ] GC(3) Archive regions: 0->0
[0.510s][info][gc,heap     ] GC(3) Humongous regions: 0->0
[0.510s][info][gc,metaspace] GC(3) Metaspace: 21370K(21504K)->21370K(21504K) NonClass: 19352K(19456K)->19352K(19456K) Class: 2017K(2048K)->2017K(2048K)
[0.510s][info][gc          ] GC(3) Pause Young (Concurrent Start) (Metadata GC Threshold) 49M->30M(280M) 14.159ms
[0.510s][info][gc,cpu      ] GC(3) User=0.06s Sys=0.01s Real=0.01s
[0.510s][info][gc          ] GC(4) Concurrent Mark Cycle
[0.511s][info][gc,marking  ] GC(4) Concurrent Clear Claimed Marks
[0.511s][info][gc,marking  ] GC(4) Concurrent Clear Claimed Marks 0.133ms
[0.511s][info][gc,marking  ] GC(4) Concurrent Scan Root Regions
[0.514s][info][gc,marking  ] GC(4) Concurrent Scan Root Regions 3.700ms
[0.515s][info][gc,marking  ] GC(4) Concurrent Mark
[0.515s][info][gc,marking  ] GC(4) Concurrent Mark From Roots
[0.515s][info][gc,task     ] GC(4) Using 2 workers of 2 for marking
[0.519s][info][gc,marking  ] GC(4) Concurrent Mark From Roots 3.637ms
[0.519s][info][gc,marking  ] GC(4) Concurrent Preclean
[0.519s][info][gc,marking  ] GC(4) Concurrent Preclean 0.180ms
[0.519s][info][gc,start    ] GC(4) Pause Remark
[0.521s][info][gc          ] GC(4) Pause Remark 31M->31M(136M) 1.413ms
[0.521s][info][gc,cpu      ] GC(4) User=0.00s Sys=0.01s Real=0.01s
[0.522s][info][gc,marking  ] GC(4) Concurrent Mark 7.248ms
[0.522s][info][gc,marking  ] GC(4) Concurrent Rebuild Remembered Sets
[0.528s][info][gc,marking  ] GC(4) Concurrent Rebuild Remembered Sets 5.427ms
[0.528s][info][gc,start    ] GC(4) Pause Cleanup
[0.529s][info][gc          ] GC(4) Pause Cleanup 31M->31M(136M) 0.455ms
[0.529s][info][gc,cpu      ] GC(4) User=0.00s Sys=0.00s Real=0.00s
[0.529s][info][gc,marking  ] GC(4) Concurrent Cleanup for Next Mark
[0.530s][info][gc,marking  ] GC(4) Concurrent Cleanup for Next Mark 1.328ms
[0.531s][info][gc          ] GC(4) Concurrent Mark Cycle 20.256ms
[0.768s][info][gc,start    ] GC(5) Pause Young (Prepare Mixed) (Metadata GC Threshold)
[0.768s][info][gc,task     ] GC(5) Using 6 workers of 8 for evacuation
[0.778s][info][gc,phases   ] GC(5)   Pre Evacuate Collection Set: 0.1ms
[0.778s][info][gc,phases   ] GC(5)   Merge Heap Roots: 0.1ms
[0.778s][info][gc,phases   ] GC(5)   Evacuate Collection Set: 8.5ms
[0.779s][info][gc,phases   ] GC(5)   Post Evacuate Collection Set: 0.8ms
[0.779s][info][gc,phases   ] GC(5)   Other: 0.4ms
[0.779s][info][gc,heap     ] GC(5) Eden regions: 3->0(1)
[0.779s][info][gc,heap     ] GC(5) Survivor regions: 1->1(1)
[0.779s][info][gc,heap     ] GC(5) Old regions: 3->4
[0.779s][info][gc,heap     ] GC(5) Archive regions: 0->0
[0.779s][info][gc,heap     ] GC(5) Humongous regions: 0->0
[0.779s][info][gc,metaspace] GC(5) Metaspace: 36107K(36416K)->36107K(36416K) NonClass: 32430K(32576K)->32430K(32576K) Class: 3676K(3840K)->3676K(3840K)
[0.779s][info][gc          ] GC(5) Pause Young (Prepare Mixed) (Metadata GC Threshold) 51M->35M(136M) 11.126ms
[0.779s][info][gc,cpu      ] GC(5) User=0.06s Sys=0.00s Real=0.01s
[0.787s][info][gc,start    ] GC(6) Pause Young (Mixed) (Metadata GC Threshold)
[0.790s][info][gc,task     ] GC(6) Using 6 workers of 8 for evacuation
[0.798s][info][gc,phases   ] GC(6)   Pre Evacuate Collection Set: 0.1ms
[0.798s][info][gc,phases   ] GC(6)   Merge Heap Roots: 0.1ms
[0.798s][info][gc,phases   ] GC(6)   Evacuate Collection Set: 6.5ms
[0.799s][info][gc,phases   ] GC(6)   Post Evacuate Collection Set: 0.7ms
[0.799s][info][gc,phases   ] GC(6)   Other: 3.7ms
[0.799s][info][gc,heap     ] GC(6) Eden regions: 1->0(7)
[0.799s][info][gc,heap     ] GC(6) Survivor regions: 1->1(1)
[0.799s][info][gc,heap     ] GC(6) Old regions: 4->5
[0.799s][info][gc,heap     ] GC(6) Archive regions: 0->0
[0.799s][info][gc,heap     ] GC(6) Humongous regions: 0->0
[0.799s][info][gc,metaspace] GC(6) Metaspace: 36451K(36736K)->36451K(36736K) NonClass: 32716K(32896K)->32716K(32896K) Class: 3734K(3840K)->3734K(3840K)
[0.799s][info][gc          ] GC(6) Pause Young (Mixed) (Metadata GC Threshold) 36M->36M(216M) 12.408ms
[0.799s][info][gc,cpu      ] GC(6) User=0.05s Sys=0.00s Real=0.01s
[0.807s][info][gc,start    ] GC(7) Pause Young (Concurrent Start) (Metadata GC Threshold)
[0.807s][info][gc,task     ] GC(7) Using 6 workers of 8 for evacuation
[0.809s][info][gc,phases   ] GC(7)   Pre Evacuate Collection Set: 0.1ms
[0.809s][info][gc,phases   ] GC(7)   Merge Heap Roots: 0.1ms
[0.809s][info][gc,phases   ] GC(7)   Evacuate Collection Set: 1.0ms
[0.809s][info][gc,phases   ] GC(7)   Post Evacuate Collection Set: 0.3ms
[0.809s][info][gc,phases   ] GC(7)   Other: 0.4ms
[0.809s][info][gc,heap     ] GC(7) Eden regions: 1->0(9)
[0.809s][info][gc,heap     ] GC(7) Survivor regions: 1->1(1)
[0.810s][info][gc,heap     ] GC(7) Old regions: 5->5
[0.810s][info][gc,heap     ] GC(7) Archive regions: 0->0
[0.810s][info][gc,heap     ] GC(7) Humongous regions: 0->0
[0.810s][info][gc,metaspace] GC(7) Metaspace: 36787K(37056K)->36787K(37056K) NonClass: 33012K(33152K)->33012K(33152K) Class: 3775K(3904K)->3775K(3904K)
[0.810s][info][gc          ] GC(7) Pause Young (Concurrent Start) (Metadata GC Threshold) 36M->35M(216M) 2.861ms
[0.810s][info][gc,cpu      ] GC(7) User=0.01s Sys=0.00s Real=0.00s
[0.810s][info][gc          ] GC(8) Concurrent Mark Cycle
[0.810s][info][gc,marking  ] GC(8) Concurrent Clear Claimed Marks
[0.810s][info][gc,marking  ] GC(8) Concurrent Clear Claimed Marks 0.110ms
[0.810s][info][gc,marking  ] GC(8) Concurrent Scan Root Regions
[0.811s][info][gc,marking  ] GC(8) Concurrent Scan Root Regions 0.398ms
[0.811s][info][gc,marking  ] GC(8) Concurrent Mark
[0.811s][info][gc,marking  ] GC(8) Concurrent Mark From Roots
[0.811s][info][gc,task     ] GC(8) Using 2 workers of 2 for marking
[0.832s][info][gc,marking  ] GC(8) Concurrent Mark From Roots 21.024ms
[0.832s][info][gc,marking  ] GC(8) Concurrent Preclean
[0.832s][info][gc,marking  ] GC(8) Concurrent Preclean 0.180ms
[0.833s][info][gc,start    ] GC(8) Pause Remark
[0.834s][info][gc          ] GC(8) Pause Remark 37M->37M(192M) 1.870ms
[0.835s][info][gc,cpu      ] GC(8) User=0.00s Sys=0.00s Real=0.00s
[0.835s][info][gc,marking  ] GC(8) Concurrent Mark 23.981ms
[0.835s][info][gc,marking  ] GC(8) Concurrent Rebuild Remembered Sets
[0.843s][info][gc,marking  ] GC(8) Concurrent Rebuild Remembered Sets 8.170ms
[0.844s][info][gc,start    ] GC(8) Pause Cleanup
[0.844s][info][gc          ] GC(8) Pause Cleanup 37M->37M(192M) 0.264ms
[0.844s][info][gc,cpu      ] GC(8) User=0.00s Sys=0.00s Real=0.00s
[0.844s][info][gc,marking  ] GC(8) Concurrent Cleanup for Next Mark
[0.847s][info][gc,marking  ] GC(8) Concurrent Cleanup for Next Mark 2.536ms
[0.847s][info][gc          ] GC(8) Concurrent Mark Cycle 36.818ms
[1.471s][info][gc,start    ] GC(9) Pause Young (Prepare Mixed) (Metadata GC Threshold)
[1.471s][info][gc,task     ] GC(9) Using 8 workers of 8 for evacuation
[1.481s][info][gc,phases   ] GC(9)   Pre Evacuate Collection Set: 0.1ms
[1.481s][info][gc,phases   ] GC(9)   Merge Heap Roots: 0.1ms
[1.481s][info][gc,phases   ] GC(9)   Evacuate Collection Set: 7.9ms
[1.481s][info][gc,phases   ] GC(9)   Post Evacuate Collection Set: 1.0ms
[1.481s][info][gc,phases   ] GC(9)   Other: 0.3ms
[1.481s][info][gc,heap     ] GC(9) Eden regions: 9->0(1)
[1.481s][info][gc,heap     ] GC(9) Survivor regions: 1->2(2)
[1.482s][info][gc,heap     ] GC(9) Old regions: 5->5
[1.482s][info][gc,heap     ] GC(9) Archive regions: 0->0
[1.482s][info][gc,heap     ] GC(9) Humongous regions: 0->0
[1.482s][info][gc,metaspace] GC(9) Metaspace: 62939K(63360K)->62939K(63360K) NonClass: 55916K(56128K)->55916K(56128K) Class: 7023K(7232K)->7023K(7232K)
[1.482s][info][gc          ] GC(9) Pause Young (Prepare Mixed) (Metadata GC Threshold) 101M->45M(192M) 10.710ms
[1.482s][info][gc,cpu      ] GC(9) User=0.04s Sys=0.01s Real=0.01s
[1.492s][info][gc,start    ] GC(10) Pause Young (Mixed) (Metadata GC Threshold)
[1.494s][info][gc,task     ] GC(10) Using 8 workers of 8 for evacuation
[1.502s][info][gc,phases   ] GC(10)   Pre Evacuate Collection Set: 0.1ms
[1.502s][info][gc,phases   ] GC(10)   Merge Heap Roots: 0.1ms
[1.502s][info][gc,phases   ] GC(10)   Evacuate Collection Set: 7.0ms
[1.502s][info][gc,phases   ] GC(10)   Post Evacuate Collection Set: 0.7ms
[1.502s][info][gc,phases   ] GC(10)   Other: 1.6ms
[1.502s][info][gc,heap     ] GC(10) Eden regions: 1->0(8)
[1.503s][info][gc,heap     ] GC(10) Survivor regions: 2->1(1)
[1.503s][info][gc,heap     ] GC(10) Old regions: 5->6
[1.503s][info][gc,heap     ] GC(10) Archive regions: 0->0
[1.503s][info][gc,heap     ] GC(10) Humongous regions: 0->0
[1.503s][info][gc,metaspace] GC(10) Metaspace: 63257K(63680K)->63257K(63680K) NonClass: 56180K(56384K)->56180K(56384K) Class: 7076K(7296K)->7076K(7296K)
[1.503s][info][gc          ] GC(10) Pause Young (Mixed) (Metadata GC Threshold) 46M->45M(192M) 10.629ms
[1.503s][info][gc,cpu      ] GC(10) User=0.01s Sys=0.03s Real=0.01s
[1.516s][info][gc,start    ] GC(11) Pause Young (Concurrent Start) (Metadata GC Threshold)
[1.517s][info][gc,task     ] GC(11) Using 8 workers of 8 for evacuation
[1.521s][info][gc,phases   ] GC(11)   Pre Evacuate Collection Set: 0.2ms
[1.521s][info][gc,phases   ] GC(11)   Merge Heap Roots: 0.1ms
[1.521s][info][gc,phases   ] GC(11)   Evacuate Collection Set: 3.4ms
[1.522s][info][gc,phases   ] GC(11)   Post Evacuate Collection Set: 0.5ms
[1.522s][info][gc,phases   ] GC(11)   Other: 0.5ms
[1.522s][info][gc,heap     ] GC(11) Eden regions: 1->0(9)
[1.522s][info][gc,heap     ] GC(11) Survivor regions: 1->1(2)
[1.522s][info][gc,heap     ] GC(11) Old regions: 6->6
[1.522s][info][gc,heap     ] GC(11) Archive regions: 0->0
[1.522s][info][gc,heap     ] GC(11) Humongous regions: 0->0
[1.522s][info][gc,metaspace] GC(11) Metaspace: 63520K(64000K)->63520K(64000K) NonClass: 56404K(56640K)->56404K(56640K) Class: 7116K(7360K)->7116K(7360K)
[1.523s][info][gc          ] GC(11) Pause Young (Concurrent Start) (Metadata GC Threshold) 47M->45M(192M) 6.156ms
[1.523s][info][gc,cpu      ] GC(11) User=0.02s Sys=0.00s Real=0.01s
[1.523s][info][gc          ] GC(12) Concurrent Mark Cycle
[1.523s][info][gc,marking  ] GC(12) Concurrent Clear Claimed Marks
[1.523s][info][gc,marking  ] GC(12) Concurrent Clear Claimed Marks 0.247ms
[1.523s][info][gc,marking  ] GC(12) Concurrent Scan Root Regions
[1.524s][info][gc,marking  ] GC(12) Concurrent Scan Root Regions 0.865ms
[1.524s][info][gc,marking  ] GC(12) Concurrent Mark
[1.525s][info][gc,marking  ] GC(12) Concurrent Mark From Roots
[1.525s][info][gc,task     ] GC(12) Using 2 workers of 2 for marking
[1.564s][info][gc,marking  ] GC(12) Concurrent Mark From Roots 38.899ms
[1.564s][info][gc,marking  ] GC(12) Concurrent Preclean
[1.565s][info][gc,marking  ] GC(12) Concurrent Preclean 1.264ms
[1.566s][info][gc,start    ] GC(12) Pause Remark
[1.568s][info][gc          ] GC(12) Pause Remark 50M->50M(192M) 1.930ms
[1.568s][info][gc,cpu      ] GC(12) User=0.01s Sys=0.00s Real=0.00s
[1.568s][info][gc,marking  ] GC(12) Concurrent Mark 43.494ms
[1.568s][info][gc,marking  ] GC(12) Concurrent Rebuild Remembered Sets
[1.583s][info][gc,marking  ] GC(12) Concurrent Rebuild Remembered Sets 15.231ms
[1.584s][info][gc,start    ] GC(12) Pause Cleanup
[1.584s][info][gc          ] GC(12) Pause Cleanup 54M->54M(192M) 0.209ms
[1.584s][info][gc,cpu      ] GC(12) User=0.00s Sys=0.00s Real=0.00s
[1.585s][info][gc,marking  ] GC(12) Concurrent Cleanup for Next Mark
[1.586s][info][gc,marking  ] GC(12) Concurrent Cleanup for Next Mark 1.499ms
[1.586s][info][gc          ] GC(12) Concurrent Mark Cycle 63.618ms
[2.767s][info][gc,start    ] GC(13) Pause Young (Concurrent Start) (G1 Evacuation Pause)
[2.768s][info][gc,task     ] GC(13) Using 8 workers of 8 for evacuation
[2.781s][info][gc,phases   ] GC(13)   Pre Evacuate Collection Set: 0.2ms
[2.781s][info][gc,phases   ] GC(13)   Merge Heap Roots: 0.1ms
[2.781s][info][gc,phases   ] GC(13)   Evacuate Collection Set: 11.4ms
[2.781s][info][gc,phases   ] GC(13)   Post Evacuate Collection Set: 1.3ms
[2.782s][info][gc,phases   ] GC(13)   Other: 0.3ms
[2.782s][info][gc,heap     ] GC(13) Eden regions: 9->0(8)
[2.782s][info][gc,heap     ] GC(13) Survivor regions: 1->2(2)
[2.782s][info][gc,heap     ] GC(13) Old regions: 6->6
[2.782s][info][gc,heap     ] GC(13) Archive regions: 0->0
[2.782s][info][gc,heap     ] GC(13) Humongous regions: 0->0
[2.782s][info][gc,metaspace] GC(13) Metaspace: 78095K(78784K)->78095K(78784K) NonClass: 68970K(69376K)->68970K(69376K) Class: 9125K(9408K)->9125K(9408K)
[2.782s][info][gc          ] GC(13) Pause Young (Concurrent Start) (G1 Evacuation Pause) 117M->63M(192M) 14.962ms
[2.782s][info][gc,cpu      ] GC(13) User=0.08s Sys=0.00s Real=0.02s
[2.783s][info][gc          ] GC(14) Concurrent Mark Cycle
[2.783s][info][gc,marking  ] GC(14) Concurrent Clear Claimed Marks
[2.783s][info][gc,marking  ] GC(14) Concurrent Clear Claimed Marks 0.209ms
[2.783s][info][gc,marking  ] GC(14) Concurrent Scan Root Regions
[2.788s][info][gc,marking  ] GC(14) Concurrent Scan Root Regions 5.427ms
[2.789s][info][gc,marking  ] GC(14) Concurrent Mark
[2.789s][info][gc,marking  ] GC(14) Concurrent Mark From Roots
[2.789s][info][gc,task     ] GC(14) Using 2 workers of 2 for marking
[2.818s][info][gc,marking  ] GC(14) Concurrent Mark From Roots 29.166ms
[2.820s][info][gc,marking  ] GC(14) Concurrent Preclean
[2.820s][info][gc,marking  ] GC(14) Concurrent Preclean 0.386ms
[2.821s][info][gc,start    ] GC(14) Pause Remark
[2.823s][info][gc          ] GC(14) Pause Remark 65M->65M(192M) 2.360ms
[2.823s][info][gc,cpu      ] GC(14) User=0.01s Sys=0.00s Real=0.00s
[2.824s][info][gc,marking  ] GC(14) Concurrent Mark 34.681ms
[2.824s][info][gc,marking  ] GC(14) Concurrent Rebuild Remembered Sets
[2.836s][info][gc,marking  ] GC(14) Concurrent Rebuild Remembered Sets 11.586ms
[2.836s][info][gc,start    ] GC(14) Pause Cleanup
[2.836s][info][gc          ] GC(14) Pause Cleanup 65M->65M(192M) 0.207ms
[2.836s][info][gc,cpu      ] GC(14) User=0.00s Sys=0.00s Real=0.00s
[2.836s][info][gc,marking  ] GC(14) Concurrent Cleanup for Next Mark
[2.837s][info][gc,marking  ] GC(14) Concurrent Cleanup for Next Mark 0.315ms
[2.837s][info][gc          ] GC(14) Concurrent Mark Cycle 54.117ms
[12.273s][info][gc,start    ] GC(15) Pause Young (Normal) (G1 Evacuation Pause)
[12.273s][info][gc,task     ] GC(15) Using 8 workers of 8 for evacuation
[12.296s][info][gc,phases   ] GC(15)   Pre Evacuate Collection Set: 0.2ms
[12.296s][info][gc,phases   ] GC(15)   Merge Heap Roots: 0.4ms
[12.296s][info][gc,phases   ] GC(15)   Evacuate Collection Set: 19.9ms
[12.297s][info][gc,phases   ] GC(15)   Post Evacuate Collection Set: 2.1ms
[12.297s][info][gc,phases   ] GC(15)   Other: 0.5ms
[12.297s][info][gc,heap     ] GC(15) Eden regions: 8->0(7)
[12.297s][info][gc,heap     ] GC(15) Survivor regions: 2->2(2)
[12.297s][info][gc,heap     ] GC(15) Old regions: 6->8
[12.297s][info][gc,heap     ] GC(15) Archive regions: 0->0
[12.297s][info][gc,heap     ] GC(15) Humongous regions: 0->0
[12.298s][info][gc,metaspace] GC(15) Metaspace: 107612K(108800K)->107612K(108800K) NonClass: 94963K(95616K)->94963K(95616K) Class: 12649K(13184K)->12649K(13184K)
[12.298s][info][gc          ] GC(15) Pause Young (Normal) (G1 Evacuation Pause) 127M->72M(192M) 24.742ms
[12.298s][info][gc,cpu      ] GC(15) User=0.14s Sys=0.00s Real=0.02s
[14.037s][info][gc,start    ] GC(16) Pause Young (Normal) (G1 Evacuation Pause)
[14.037s][info][gc,task     ] GC(16) Using 8 workers of 8 for evacuation
[14.060s][info][gc,phases   ] GC(16)   Pre Evacuate Collection Set: 0.1ms
[14.060s][info][gc,phases   ] GC(16)   Merge Heap Roots: 0.1ms
[14.060s][info][gc,phases   ] GC(16)   Evacuate Collection Set: 21.3ms
[14.060s][info][gc,phases   ] GC(16)   Post Evacuate Collection Set: 1.1ms
[14.060s][info][gc,phases   ] GC(16)   Other: 0.4ms
[14.060s][info][gc,heap     ] GC(16) Eden regions: 7->0(5)
[14.061s][info][gc,heap     ] GC(16) Survivor regions: 2->2(2)
[14.061s][info][gc,heap     ] GC(16) Old regions: 8->9
[14.061s][info][gc,heap     ] GC(16) Archive regions: 0->0
[14.061s][info][gc,heap     ] GC(16) Humongous regions: 0->0
[14.061s][info][gc,metaspace] GC(16) Metaspace: 115841K(117184K)->115841K(117184K) NonClass: 102178K(102976K)->102178K(102976K) Class: 13662K(14208K)->13662K(14208K)
[14.061s][info][gc          ] GC(16) Pause Young (Normal) (G1 Evacuation Pause) 128M->87M(192M) 24.822ms
[14.061s][info][gc,cpu      ] GC(16) User=0.05s Sys=0.02s Real=0.03s
[17.671s][info][gc,start    ] GC(17) Pause Young (Normal) (G1 Evacuation Pause)
[17.671s][info][gc,task     ] GC(17) Using 8 workers of 8 for evacuation
[17.687s][info][gc,phases   ] GC(17)   Pre Evacuate Collection Set: 0.3ms
[17.687s][info][gc,phases   ] GC(17)   Merge Heap Roots: 0.1ms
[17.687s][info][gc,phases   ] GC(17)   Evacuate Collection Set: 13.4ms
[17.687s][info][gc,phases   ] GC(17)   Post Evacuate Collection Set: 1.3ms
[17.687s][info][gc,phases   ] GC(17)   Other: 0.5ms
[17.687s][info][gc,heap     ] GC(17) Eden regions: 5->0(29)
[17.687s][info][gc,heap     ] GC(17) Survivor regions: 2->1(1)
[17.688s][info][gc,heap     ] GC(17) Old regions: 9->12
[17.688s][info][gc,heap     ] GC(17) Archive regions: 0->0
[17.688s][info][gc,heap     ] GC(17) Humongous regions: 0->0
[17.688s][info][gc,metaspace] GC(17) Metaspace: 120920K(122368K)->120920K(122368K) NonClass: 106495K(107328K)->106495K(107328K) Class: 14424K(15040K)->14424K(15040K)
[17.688s][info][gc          ] GC(17) Pause Young (Normal) (G1 Evacuation Pause) 127M->94M(472M) 16.798ms
[17.688s][info][gc,cpu      ] GC(17) User=0.09s Sys=0.00s Real=0.01s
[19.692s][info][gc,start    ] GC(18) Pause Young (Concurrent Start) (Metadata GC Threshold)
[19.693s][info][gc,task     ] GC(18) Using 8 workers of 8 for evacuation
[19.715s][info][gc,phases   ] GC(18)   Pre Evacuate Collection Set: 0.3ms
[19.716s][info][gc,phases   ] GC(18)   Merge Heap Roots: 0.1ms
[19.716s][info][gc,phases   ] GC(18)   Evacuate Collection Set: 19.9ms
[19.716s][info][gc,phases   ] GC(18)   Post Evacuate Collection Set: 2.1ms
[19.716s][info][gc,phases   ] GC(18)   Other: 0.5ms
[19.716s][info][gc,heap     ] GC(18) Eden regions: 19->0(26)
[19.716s][info][gc,heap     ] GC(18) Survivor regions: 1->3(4)
[19.716s][info][gc,heap     ] GC(18) Old regions: 12->12
[19.716s][info][gc,heap     ] GC(18) Archive regions: 0->0
[19.716s][info][gc,heap     ] GC(18) Humongous regions: 0->0
[19.717s][info][gc,metaspace] GC(18) Metaspace: 130562K(131968K)->130562K(131968K) NonClass: 115004K(115776K)->115004K(115776K) Class: 15558K(16192K)->15558K(16192K)
[19.717s][info][gc          ] GC(18) Pause Young (Concurrent Start) (Metadata GC Threshold) 241M->109M(472M) 24.386ms
[19.717s][info][gc,cpu      ] GC(18) User=0.14s Sys=0.02s Real=0.02s
[19.717s][info][gc          ] GC(19) Concurrent Mark Cycle
[19.717s][info][gc,marking  ] GC(19) Concurrent Clear Claimed Marks
[19.717s][info][gc,marking  ] GC(19) Concurrent Clear Claimed Marks 0.312ms
[19.718s][info][gc,marking  ] GC(19) Concurrent Scan Root Regions
[19.731s][info][gc,marking  ] GC(19) Concurrent Scan Root Regions 12.970ms
[19.731s][info][gc,marking  ] GC(19) Concurrent Mark
[19.731s][info][gc,marking  ] GC(19) Concurrent Mark From Roots
[19.731s][info][gc,task     ] GC(19) Using 2 workers of 2 for marking
[19.817s][info][gc,marking  ] GC(19) Concurrent Mark From Roots 85.504ms
[19.817s][info][gc,marking  ] GC(19) Concurrent Preclean
[19.817s][info][gc,marking  ] GC(19) Concurrent Preclean 0.649ms
[19.818s][info][gc,start    ] GC(19) Pause Remark
[19.825s][info][gc          ] GC(19) Pause Remark 113M->113M(432M) 7.186ms
[19.825s][info][gc,cpu      ] GC(19) User=0.04s Sys=0.00s Real=0.01s
[19.826s][info][gc,marking  ] GC(19) Concurrent Mark 94.905ms
[19.826s][info][gc,marking  ] GC(19) Concurrent Rebuild Remembered Sets
[19.862s][info][gc,marking  ] GC(19) Concurrent Rebuild Remembered Sets 35.744ms
[19.862s][info][gc,start    ] GC(19) Pause Cleanup
[19.863s][info][gc          ] GC(19) Pause Cleanup 115M->115M(432M) 0.253ms
[19.863s][info][gc,cpu      ] GC(19) User=0.00s Sys=0.00s Real=0.00s
[19.863s][info][gc,marking  ] GC(19) Concurrent Cleanup for Next Mark
[19.864s][info][gc,marking  ] GC(19) Concurrent Cleanup for Next Mark 1.272ms
[19.865s][info][gc          ] GC(19) Concurrent Mark Cycle 147.584ms
[22.238s][info][gc,start    ] GC(20) Pause Young (Normal) (G1 Evacuation Pause)
[22.239s][info][gc,task     ] GC(20) Using 8 workers of 8 for evacuation
[22.278s][info][gc,phases   ] GC(20)   Pre Evacuate Collection Set: 0.2ms
[22.279s][info][gc,phases   ] GC(20)   Merge Heap Roots: 0.1ms
[22.279s][info][gc,phases   ] GC(20)   Evacuate Collection Set: 37.4ms
[22.279s][info][gc,phases   ] GC(20)   Post Evacuate Collection Set: 1.8ms
[22.279s][info][gc,phases   ] GC(20)   Other: 0.5ms
[22.279s][info][gc,heap     ] GC(20) Eden regions: 26->0(16)
[22.279s][info][gc,heap     ] GC(20) Survivor regions: 3->4(4)
[22.279s][info][gc,heap     ] GC(20) Old regions: 12->18
[22.279s][info][gc,heap     ] GC(20) Archive regions: 0->0
[22.280s][info][gc,heap     ] GC(20) Humongous regions: 0->0
[22.280s][info][gc,metaspace] GC(20) Metaspace: 151226K(152768K)->151226K(152768K) NonClass: 132689K(133568K)->132689K(133568K) Class: 18537K(19200K)->18537K(19200K)
[22.280s][info][gc          ] GC(20) Pause Young (Normal) (G1 Evacuation Pause) 317M->163M(432M) 41.364ms
[22.280s][info][gc,cpu      ] GC(20) User=0.26s Sys=0.00s Real=0.04s
[23.055s][info][gc,start    ] GC(21) Pause Young (Normal) (G1 Evacuation Pause)
[23.055s][info][gc,task     ] GC(21) Using 8 workers of 8 for evacuation
[23.080s][info][gc,phases   ] GC(21)   Pre Evacuate Collection Set: 0.2ms
[23.080s][info][gc,phases   ] GC(21)   Merge Heap Roots: 0.4ms
[23.080s][info][gc,phases   ] GC(21)   Evacuate Collection Set: 23.3ms
[23.081s][info][gc,phases   ] GC(21)   Post Evacuate Collection Set: 1.1ms
[23.081s][info][gc,phases   ] GC(21)   Other: 0.4ms
[23.081s][info][gc,heap     ] GC(21) Eden regions: 16->0(14)
[23.081s][info][gc,heap     ] GC(21) Survivor regions: 4->3(3)
[23.081s][info][gc,heap     ] GC(21) Old regions: 18->22
[23.081s][info][gc,heap     ] GC(21) Archive regions: 0->0
[23.081s][info][gc,heap     ] GC(21) Humongous regions: 0->0
[23.081s][info][gc,metaspace] GC(21) Metaspace: 154086K(155776K)->154086K(155776K) NonClass: 135207K(136128K)->135207K(136128K) Class: 18879K(19648K)->18879K(19648K)
[23.082s][info][gc          ] GC(21) Pause Young (Normal) (G1 Evacuation Pause) 291M->182M(432M) 26.914ms
[23.082s][info][gc,cpu      ] GC(21) User=0.20s Sys=0.01s Real=0.03s
[23.336s][info][gc,start    ] GC(22) Pause Young (Normal) (G1 Evacuation Pause)
[23.336s][info][gc,task     ] GC(22) Using 8 workers of 8 for evacuation
[23.350s][info][gc,phases   ] GC(22)   Pre Evacuate Collection Set: 0.2ms
[23.351s][info][gc,phases   ] GC(22)   Merge Heap Roots: 0.2ms
[23.351s][info][gc,phases   ] GC(22)   Evacuate Collection Set: 11.8ms
[23.351s][info][gc,phases   ] GC(22)   Post Evacuate Collection Set: 1.7ms
[23.351s][info][gc,phases   ] GC(22)   Other: 0.6ms
[23.351s][info][gc,heap     ] GC(22) Eden regions: 14->0(16)
[23.352s][info][gc,heap     ] GC(22) Survivor regions: 3->1(3)
[23.352s][info][gc,heap     ] GC(22) Old regions: 22->24
[23.352s][info][gc,heap     ] GC(22) Archive regions: 0->0
[23.352s][info][gc,heap     ] GC(22) Humongous regions: 0->0
[23.352s][info][gc,metaspace] GC(22) Metaspace: 154251K(155968K)->154251K(155968K) NonClass: 135366K(136320K)->135366K(136320K) Class: 18884K(19648K)->18884K(19648K)
[23.352s][info][gc          ] GC(22) Pause Young (Normal) (G1 Evacuation Pause) 294M->190M(432M) 16.393ms
[23.352s][info][gc,cpu      ] GC(22) User=0.09s Sys=0.00s Real=0.02s
[23.574s][info][gc,start    ] GC(23) Pause Young (Normal) (G1 Evacuation Pause)
[23.574s][info][gc,task     ] GC(23) Using 8 workers of 8 for evacuation
[23.587s][info][gc,phases   ] GC(23)   Pre Evacuate Collection Set: 0.4ms
[23.587s][info][gc,phases   ] GC(23)   Merge Heap Roots: 0.6ms
[23.587s][info][gc,phases   ] GC(23)   Evacuate Collection Set: 10.6ms
[23.587s][info][gc,phases   ] GC(23)   Post Evacuate Collection Set: 0.8ms
[23.587s][info][gc,phases   ] GC(23)   Other: 0.5ms
[23.587s][info][gc,heap     ] GC(23) Eden regions: 16->0(15)
[23.588s][info][gc,heap     ] GC(23) Survivor regions: 1->3(3)
[23.588s][info][gc,heap     ] GC(23) Old regions: 24->24
[23.588s][info][gc,heap     ] GC(23) Archive regions: 0->0
[23.588s][info][gc,heap     ] GC(23) Humongous regions: 0->0
[23.588s][info][gc,metaspace] GC(23) Metaspace: 154586K(156224K)->154586K(156224K) NonClass: 135680K(136576K)->135680K(136576K) Class: 18906K(19648K)->18906K(19648K)
[23.588s][info][gc          ] GC(23) Pause Young (Normal) (G1 Evacuation Pause) 318M->198M(432M) 14.385ms
[23.588s][info][gc,cpu      ] GC(23) User=0.08s Sys=0.00s Real=0.01s
[23.806s][info][gc,start    ] GC(24) Pause Young (Normal) (G1 Evacuation Pause)
[23.806s][info][gc,task     ] GC(24) Using 8 workers of 8 for evacuation
[23.819s][info][gc,phases   ] GC(24)   Pre Evacuate Collection Set: 0.2ms
[23.819s][info][gc,phases   ] GC(24)   Merge Heap Roots: 0.3ms
[23.819s][info][gc,phases   ] GC(24)   Evacuate Collection Set: 10.8ms
[23.819s][info][gc,phases   ] GC(24)   Post Evacuate Collection Set: 0.9ms
[23.820s][info][gc,phases   ] GC(24)   Other: 0.4ms
[23.820s][info][gc,heap     ] GC(24) Eden regions: 15->0(29)
[23.820s][info][gc,heap     ] GC(24) Survivor regions: 3->2(3)
[23.820s][info][gc,heap     ] GC(24) Old regions: 24->25
[23.820s][info][gc,heap     ] GC(24) Archive regions: 0->0
[23.820s][info][gc,heap     ] GC(24) Humongous regions: 0->0
[23.820s][info][gc,metaspace] GC(24) Metaspace: 154617K(156288K)->154617K(156288K) NonClass: 135711K(136640K)->135711K(136640K) Class: 18906K(19648K)->18906K(19648K)
[23.820s][info][gc          ] GC(24) Pause Young (Normal) (G1 Evacuation Pause) 318M->203M(592M) 13.986ms
[23.820s][info][gc,cpu      ] GC(24) User=0.09s Sys=0.00s Real=0.02s
[24.212s][info][gc,start    ] GC(25) Pause Young (Normal) (G1 Evacuation Pause)
[24.212s][info][gc,task     ] GC(25) Using 8 workers of 8 for evacuation
[24.225s][info][gc,phases   ] GC(25)   Pre Evacuate Collection Set: 0.3ms
[24.225s][info][gc,phases   ] GC(25)   Merge Heap Roots: 0.3ms
[24.225s][info][gc,phases   ] GC(25)   Evacuate Collection Set: 10.5ms
[24.225s][info][gc,phases   ] GC(25)   Post Evacuate Collection Set: 0.9ms
[24.225s][info][gc,phases   ] GC(25)   Other: 0.7ms
[24.225s][info][gc,heap     ] GC(25) Eden regions: 29->0(30)
[24.225s][info][gc,heap     ] GC(25) Survivor regions: 2->3(4)
[24.225s][info][gc,heap     ] GC(25) Old regions: 25->25
[24.226s][info][gc,heap     ] GC(25) Archive regions: 0->0
[24.226s][info][gc,heap     ] GC(25) Humongous regions: 0->0
[24.226s][info][gc,metaspace] GC(25) Metaspace: 154849K(156480K)->154849K(156480K) NonClass: 135943K(136832K)->135943K(136832K) Class: 18906K(19648K)->18906K(19648K)
[24.226s][info][gc          ] GC(25) Pause Young (Normal) (G1 Evacuation Pause) 435M->210M(592M) 13.983ms
[24.226s][info][gc,cpu      ] GC(25) User=0.07s Sys=0.00s Real=0.01s
[24.744s][info][gc,start    ] GC(26) Pause Young (Normal) (G1 Evacuation Pause)
[24.744s][info][gc,task     ] GC(26) Using 8 workers of 8 for evacuation
[24.762s][info][gc,phases   ] GC(26)   Pre Evacuate Collection Set: 0.2ms
[24.762s][info][gc,phases   ] GC(26)   Merge Heap Roots: 0.3ms
[24.762s][info][gc,phases   ] GC(26)   Evacuate Collection Set: 15.9ms
[24.762s][info][gc,phases   ] GC(26)   Post Evacuate Collection Set: 0.7ms
[24.762s][info][gc,phases   ] GC(26)   Other: 0.6ms
[24.762s][info][gc,heap     ] GC(26) Eden regions: 30->0(30)
[24.762s][info][gc,heap     ] GC(26) Survivor regions: 3->3(5)
[24.762s][info][gc,heap     ] GC(26) Old regions: 25->26
[24.763s][info][gc,heap     ] GC(26) Archive regions: 0->0
[24.763s][info][gc,heap     ] GC(26) Humongous regions: 0->0
[24.763s][info][gc,metaspace] GC(26) Metaspace: 155142K(156736K)->155142K(156736K) NonClass: 136228K(137088K)->136228K(137088K) Class: 18913K(19648K)->18913K(19648K)
[24.763s][info][gc          ] GC(26) Pause Young (Normal) (G1 Evacuation Pause) 450M->219M(592M) 19.035ms
[24.763s][info][gc,cpu      ] GC(26) User=0.10s Sys=0.00s Real=0.02s
[26.968s][info][gc,start    ] GC(27) Pause Young (Normal) (G1 Evacuation Pause)
[26.968s][info][gc,task     ] GC(27) Using 8 workers of 8 for evacuation
[26.982s][info][gc,phases   ] GC(27)   Pre Evacuate Collection Set: 0.2ms
[26.982s][info][gc,phases   ] GC(27)   Merge Heap Roots: 0.2ms
[26.982s][info][gc,phases   ] GC(27)   Evacuate Collection Set: 11.0ms
[26.982s][info][gc,phases   ] GC(27)   Post Evacuate Collection Set: 2.3ms
[26.982s][info][gc,phases   ] GC(27)   Other: 0.5ms
[26.983s][info][gc,heap     ] GC(27) Eden regions: 30->0(31)
[26.983s][info][gc,heap     ] GC(27) Survivor regions: 3->3(5)
[26.983s][info][gc,heap     ] GC(27) Old regions: 26->26
[26.983s][info][gc,heap     ] GC(27) Archive regions: 0->0
[26.983s][info][gc,heap     ] GC(27) Humongous regions: 0->0
[26.983s][info][gc,metaspace] GC(27) Metaspace: 163069K(164736K)->163069K(164736K) NonClass: 142525K(143424K)->142525K(143424K) Class: 20544K(21312K)->20544K(21312K)
[26.983s][info][gc          ] GC(27) Pause Young (Normal) (G1 Evacuation Pause) 459M->217M(592M) 15.749ms
[26.984s][info][gc,cpu      ] GC(27) User=0.08s Sys=0.00s Real=0.02s
[29.178s][info][gc,start    ] GC(28) Pause Young (Normal) (G1 Evacuation Pause)
[29.178s][info][gc,task     ] GC(28) Using 8 workers of 8 for evacuation
[29.197s][info][gc,phases   ] GC(28)   Pre Evacuate Collection Set: 0.2ms
[29.197s][info][gc,phases   ] GC(28)   Merge Heap Roots: 0.2ms
[29.197s][info][gc,phases   ] GC(28)   Evacuate Collection Set: 15.8ms
[29.197s][info][gc,phases   ] GC(28)   Post Evacuate Collection Set: 2.2ms
[29.197s][info][gc,phases   ] GC(28)   Other: 0.5ms
[29.197s][info][gc,heap     ] GC(28) Eden regions: 31->0(28)
[29.197s][info][gc,heap     ] GC(28) Survivor regions: 3->5(5)
[29.197s][info][gc,heap     ] GC(28) Old regions: 26->26
[29.197s][info][gc,heap     ] GC(28) Archive regions: 0->0
[29.198s][info][gc,heap     ] GC(28) Humongous regions: 1->0
[29.198s][info][gc,metaspace] GC(28) Metaspace: 195437K(197504K)->195437K(197504K) NonClass: 170753K(171904K)->170753K(171904K) Class: 24683K(25600K)->24683K(25600K)
[29.198s][info][gc          ] GC(28) Pause Young (Normal) (G1 Evacuation Pause) 473M->234M(592M) 19.895ms
[29.198s][info][gc,cpu      ] GC(28) User=0.13s Sys=0.00s Real=0.02s
[30.811s][info][gc,start    ] GC(29) Pause Young (Concurrent Start) (Metadata GC Threshold)
[30.812s][info][gc,task     ] GC(29) Using 8 workers of 8 for evacuation
[30.831s][info][gc,phases   ] GC(29)   Pre Evacuate Collection Set: 0.3ms
[30.831s][info][gc,phases   ] GC(29)   Merge Heap Roots: 0.2ms
[30.832s][info][gc,phases   ] GC(29)   Evacuate Collection Set: 17.3ms
[30.832s][info][gc,phases   ] GC(29)   Post Evacuate Collection Set: 1.6ms
[30.832s][info][gc,phases   ] GC(29)   Other: 0.4ms
[30.832s][info][gc,heap     ] GC(29) Eden regions: 17->0(25)
[30.832s][info][gc,heap     ] GC(29) Survivor regions: 5->3(5)
[30.832s][info][gc,heap     ] GC(29) Old regions: 26->30
[30.832s][info][gc,heap     ] GC(29) Archive regions: 0->0
[30.832s][info][gc,heap     ] GC(29) Humongous regions: 0->0
[30.832s][info][gc,metaspace] GC(29) Metaspace: 218131K(220480K)->218131K(220480K) NonClass: 189219K(190528K)->189219K(190528K) Class: 28911K(29952K)->28911K(29952K)
[30.832s][info][gc          ] GC(29) Pause Young (Concurrent Start) (Metadata GC Threshold) 369M->251M(592M) 20.839ms
[30.832s][info][gc,cpu      ] GC(29) User=0.13s Sys=0.01s Real=0.02s
[30.833s][info][gc          ] GC(30) Concurrent Mark Cycle
[30.833s][info][gc,marking  ] GC(30) Concurrent Clear Claimed Marks
[30.833s][info][gc,marking  ] GC(30) Concurrent Clear Claimed Marks 0.283ms
[30.833s][info][gc,marking  ] GC(30) Concurrent Scan Root Regions
[30.850s][info][gc,marking  ] GC(30) Concurrent Scan Root Regions 17.189ms
[30.851s][info][gc,marking  ] GC(30) Concurrent Mark
[30.851s][info][gc,marking  ] GC(30) Concurrent Mark From Roots
[30.851s][info][gc,task     ] GC(30) Using 2 workers of 2 for marking
[30.962s][info][gc,marking  ] GC(30) Concurrent Mark From Roots 111.320ms
[30.962s][info][gc,marking  ] GC(30) Concurrent Preclean
[30.963s][info][gc,marking  ] GC(30) Concurrent Preclean 1.247ms
[30.964s][info][gc,start    ] GC(30) Pause Remark
[30.982s][info][gc          ] GC(30) Pause Remark 256M->256M(592M) 18.409ms
[30.983s][info][gc,cpu      ] GC(30) User=0.12s Sys=0.00s Real=0.02s
[30.983s][info][gc,marking  ] GC(30) Concurrent Mark 132.273ms
[30.983s][info][gc,marking  ] GC(30) Concurrent Rebuild Remembered Sets
[31.055s][info][gc,marking  ] GC(30) Concurrent Rebuild Remembered Sets 71.708ms
[31.070s][info][gc,start    ] GC(30) Pause Cleanup
[31.071s][info][gc          ] GC(30) Pause Cleanup 259M->259M(592M) 0.366ms
[31.071s][info][gc,cpu      ] GC(30) User=0.00s Sys=0.00s Real=0.01s
[31.071s][info][gc,marking  ] GC(30) Concurrent Cleanup for Next Mark
[31.073s][info][gc,marking  ] GC(30) Concurrent Cleanup for Next Mark 2.389ms
[31.074s][info][gc          ] GC(30) Concurrent Mark Cycle 241.253ms
[32.115s][info][gc,start    ] GC(31) Pause Young (Prepare Mixed) (G1 Evacuation Pause)
[32.116s][info][gc,task     ] GC(31) Using 8 workers of 8 for evacuation
[32.135s][info][gc,phases   ] GC(31)   Pre Evacuate Collection Set: 0.2ms
[32.135s][info][gc,phases   ] GC(31)   Merge Heap Roots: 0.2ms
[32.136s][info][gc,phases   ] GC(31)   Evacuate Collection Set: 17.4ms
[32.136s][info][gc,phases   ] GC(31)   Post Evacuate Collection Set: 1.7ms
[32.136s][info][gc,phases   ] GC(31)   Other: 0.4ms
[32.136s][info][gc,heap     ] GC(31) Eden regions: 25->0(1)
[32.136s][info][gc,heap     ] GC(31) Survivor regions: 3->3(4)
[32.136s][info][gc,heap     ] GC(31) Old regions: 30->32
[32.136s][info][gc,heap     ] GC(31) Archive regions: 0->0
[32.136s][info][gc,heap     ] GC(31) Humongous regions: 0->0
[32.136s][info][gc,metaspace] GC(31) Metaspace: 231780K(234304K)->231780K(234304K) NonClass: 200245K(201600K)->200245K(201600K) Class: 31534K(32704K)->31534K(32704K)
[32.137s][info][gc          ] GC(31) Pause Young (Prepare Mixed) (G1 Evacuation Pause) 451M->268M(592M) 21.120ms
[32.137s][info][gc,cpu      ] GC(31) User=0.13s Sys=0.00s Real=0.02s
[32.196s][info][gc,start    ] GC(32) Pause Young (Mixed) (G1 Evacuation Pause)
[32.196s][info][gc,task     ] GC(32) Using 8 workers of 8 for evacuation
[32.211s][info][gc,phases   ] GC(32)   Pre Evacuate Collection Set: 0.2ms
[32.211s][info][gc,phases   ] GC(32)   Merge Heap Roots: 0.2ms
[32.211s][info][gc,phases   ] GC(32)   Evacuate Collection Set: 12.4ms
[32.211s][info][gc,phases   ] GC(32)   Post Evacuate Collection Set: 1.6ms
[32.211s][info][gc,phases   ] GC(32)   Other: 0.4ms
[32.211s][info][gc,heap     ] GC(32) Eden regions: 1->0(40)
[32.211s][info][gc,heap     ] GC(32) Survivor regions: 3->1(1)
[32.212s][info][gc,heap     ] GC(32) Old regions: 32->32
[32.212s][info][gc,heap     ] GC(32) Archive regions: 0->0
[32.212s][info][gc,heap     ] GC(32) Humongous regions: 0->0
[32.212s][info][gc,metaspace] GC(32) Metaspace: 231827K(234304K)->231827K(234304K) NonClass: 200292K(201600K)->200292K(201600K) Class: 31534K(32704K)->31534K(32704K)
[32.212s][info][gc          ] GC(32) Pause Young (Mixed) (G1 Evacuation Pause) 276M->253M(776M) 16.051ms
[32.212s][info][gc,cpu      ] GC(32) User=0.10s Sys=0.01s Real=0.02s
[33.599s][info][gc,start    ] GC(33) Pause Young (Concurrent Start) (G1 Evacuation Pause)
[33.599s][info][gc,task     ] GC(33) Using 8 workers of 8 for evacuation
[33.616s][info][gc,phases   ] GC(33)   Pre Evacuate Collection Set: 0.5ms
[33.616s][info][gc,phases   ] GC(33)   Merge Heap Roots: 0.2ms
[33.617s][info][gc,phases   ] GC(33)   Evacuate Collection Set: 13.5ms
[33.617s][info][gc,phases   ] GC(33)   Post Evacuate Collection Set: 1.9ms
[33.618s][info][gc,phases   ] GC(33)   Other: 1.3ms
[33.618s][info][gc,heap     ] GC(33) Eden regions: 40->0(38)
[33.618s][info][gc,heap     ] GC(33) Survivor regions: 1->5(6)
[33.619s][info][gc,heap     ] GC(33) Old regions: 32->32
[33.619s][info][gc,heap     ] GC(33) Archive regions: 0->0
[33.620s][info][gc,heap     ] GC(33) Humongous regions: 0->0
[33.620s][info][gc,metaspace] GC(33) Metaspace: 242324K(244864K)->242324K(244864K) NonClass: 209546K(210944K)->209546K(210944K) Class: 32778K(33920K)->32778K(33920K)
[33.620s][info][gc          ] GC(33) Pause Young (Concurrent Start) (G1 Evacuation Pause) 573M->286M(776M) 21.734ms
[33.621s][info][gc,cpu      ] GC(33) User=0.08s Sys=0.02s Real=0.03s
[33.621s][info][gc          ] GC(34) Concurrent Mark Cycle
[33.621s][info][gc,marking  ] GC(34) Concurrent Clear Claimed Marks
[33.621s][info][gc,marking  ] GC(34) Concurrent Clear Claimed Marks 0.323ms
[33.621s][info][gc,marking  ] GC(34) Concurrent Scan Root Regions
[33.632s][info][gc,marking  ] GC(34) Concurrent Scan Root Regions 10.787ms
[33.633s][info][gc,marking  ] GC(34) Concurrent Mark
[33.633s][info][gc,marking  ] GC(34) Concurrent Mark From Roots
[33.633s][info][gc,task     ] GC(34) Using 2 workers of 2 for marking
[33.735s][info][gc,marking  ] GC(34) Concurrent Mark From Roots 102.267ms
[33.735s][info][gc,marking  ] GC(34) Concurrent Preclean
[33.736s][info][gc,marking  ] GC(34) Concurrent Preclean 0.785ms
[33.736s][info][gc,start    ] GC(34) Pause Remark
[33.755s][info][gc          ] GC(34) Pause Remark 329M->329M(776M) 18.100ms
[33.755s][info][gc,cpu      ] GC(34) User=0.13s Sys=0.00s Real=0.02s
[33.755s][info][gc,marking  ] GC(34) Concurrent Mark 122.708ms
[33.756s][info][gc,marking  ] GC(34) Concurrent Rebuild Remembered Sets
[33.805s][info][gc,marking  ] GC(34) Concurrent Rebuild Remembered Sets 49.187ms
[33.814s][info][gc,start    ] GC(34) Pause Cleanup
[33.814s][info][gc          ] GC(34) Pause Cleanup 350M->350M(776M) 0.384ms
[33.814s][info][gc,cpu      ] GC(34) User=0.00s Sys=0.00s Real=0.00s
[33.815s][info][gc,marking  ] GC(34) Concurrent Cleanup for Next Mark
[33.817s][info][gc,marking  ] GC(34) Concurrent Cleanup for Next Mark 2.371ms
[33.817s][info][gc          ] GC(34) Concurrent Mark Cycle 196.384ms
[34.801s][info][gc,start    ] GC(35) Pause Young (Prepare Mixed) (G1 Evacuation Pause)
[34.802s][info][gc,task     ] GC(35) Using 8 workers of 8 for evacuation
[34.821s][info][gc,phases   ] GC(35)   Pre Evacuate Collection Set: 0.2ms
[34.822s][info][gc,phases   ] GC(35)   Merge Heap Roots: 0.2ms
[34.822s][info][gc,phases   ] GC(35)   Evacuate Collection Set: 16.6ms
[34.822s][info][gc,phases   ] GC(35)   Post Evacuate Collection Set: 1.7ms
[34.822s][info][gc,phases   ] GC(35)   Other: 1.0ms
[34.823s][info][gc,heap     ] GC(35) Eden regions: 38->0(2)
[34.823s][info][gc,heap     ] GC(35) Survivor regions: 5->2(6)
[34.823s][info][gc,heap     ] GC(35) Old regions: 32->36
[34.824s][info][gc,heap     ] GC(35) Archive regions: 0->0
[34.824s][info][gc,heap     ] GC(35) Humongous regions: 0->0
[34.825s][info][gc,metaspace] GC(35) Metaspace: 242654K(245184K)->242654K(245184K) NonClass: 209848K(211264K)->209848K(211264K) Class: 32806K(33920K)->32806K(33920K)
[34.825s][info][gc          ] GC(35) Pause Young (Prepare Mixed) (G1 Evacuation Pause) 590M->297M(776M) 23.850ms
[34.826s][info][gc,cpu      ] GC(35) User=0.12s Sys=0.00s Real=0.02s
[35.018s][info][gc,start    ] GC(36) Pause Young (Mixed) (G1 Evacuation Pause)
[35.018s][info][gc,task     ] GC(36) Using 8 workers of 8 for evacuation
[35.028s][info][gc,phases   ] GC(36)   Pre Evacuate Collection Set: 0.2ms
[35.030s][info][gc,phases   ] GC(36)   Merge Heap Roots: 0.3ms
[35.030s][info][gc,phases   ] GC(36)   Evacuate Collection Set: 6.8ms
[35.031s][info][gc,phases   ] GC(36)   Post Evacuate Collection Set: 2.2ms
[35.031s][info][gc,phases   ] GC(36)   Other: 1.3ms
[35.032s][info][gc,heap     ] GC(36) Eden regions: 2->0(43)
[35.032s][info][gc,heap     ] GC(36) Survivor regions: 2->1(1)
[35.032s][info][gc,heap     ] GC(36) Old regions: 36->31
[35.033s][info][gc,heap     ] GC(36) Archive regions: 0->0
[35.033s][info][gc,heap     ] GC(36) Humongous regions: 0->0
[35.034s][info][gc,metaspace] GC(36) Metaspace: 242722K(245184K)->242722K(245184K) NonClass: 209903K(211264K)->209903K(211264K) Class: 32818K(33920K)->32818K(33920K)
[35.034s][info][gc          ] GC(36) Pause Young (Mixed) (G1 Evacuation Pause) 313M->245M(776M) 16.346ms
[35.034s][info][gc,cpu      ] GC(36) User=0.07s Sys=0.00s Real=0.02s
[37.383s][info][gc,start    ] GC(37) Pause Young (Normal) (G1 Evacuation Pause)
[37.383s][info][gc,task     ] GC(37) Using 8 workers of 8 for evacuation
[37.417s][info][gc,phases   ] GC(37)   Pre Evacuate Collection Set: 0.2ms
[37.417s][info][gc,phases   ] GC(37)   Merge Heap Roots: 0.1ms
[37.417s][info][gc,phases   ] GC(37)   Evacuate Collection Set: 31.2ms
[37.417s][info][gc,phases   ] GC(37)   Post Evacuate Collection Set: 2.4ms
[37.418s][info][gc,phases   ] GC(37)   Other: 0.5ms
[37.418s][info][gc,heap     ] GC(37) Eden regions: 43->0(32)
[37.418s][info][gc,heap     ] GC(37) Survivor regions: 1->6(6)
[37.418s][info][gc,heap     ] GC(37) Old regions: 31->36
[37.418s][info][gc,heap     ] GC(37) Archive regions: 0->0
[37.418s][info][gc,heap     ] GC(37) Humongous regions: 0->0
[37.418s][info][gc,metaspace] GC(37) Metaspace: 265999K(268736K)->265999K(268736K) NonClass: 229250K(230784K)->229250K(230784K) Class: 36748K(37952K)->36748K(37952K)
[37.418s][info][gc          ] GC(37) Pause Young (Normal) (G1 Evacuation Pause) 589M->335M(776M) 35.461ms
[37.418s][info][gc,cpu      ] GC(37) User=0.26s Sys=0.00s Real=0.03s
[41.563s][info][gc,start    ] GC(38) Pause Young (Normal) (G1 Evacuation Pause)
[41.564s][info][gc,task     ] GC(38) Using 8 workers of 8 for evacuation
[41.590s][info][gc,phases   ] GC(38)   Pre Evacuate Collection Set: 0.2ms
[41.590s][info][gc,phases   ] GC(38)   Merge Heap Roots: 0.3ms
[41.591s][info][gc,phases   ] GC(38)   Evacuate Collection Set: 22.0ms
[41.591s][info][gc,phases   ] GC(38)   Post Evacuate Collection Set: 3.2ms
[41.591s][info][gc,phases   ] GC(38)   Other: 1.0ms
[41.592s][info][gc,heap     ] GC(38) Eden regions: 32->0(76)
[41.592s][info][gc,heap     ] GC(38) Survivor regions: 6->3(5)
[41.593s][info][gc,heap     ] GC(38) Old regions: 36->43
[41.593s][info][gc,heap     ] GC(38) Archive regions: 0->0
[41.594s][info][gc,heap     ] GC(38) Humongous regions: 0->0
[41.594s][info][gc,metaspace] GC(38) Metaspace: 270860K(273728K)->270860K(273728K) NonClass: 233555K(235136K)->233555K(235136K) Class: 37304K(38592K)->37304K(38592K)
[41.594s][info][gc          ] GC(38) Pause Young (Normal) (G1 Evacuation Pause) 591M->360M(1360M) 31.012ms
[41.595s][info][gc,cpu      ] GC(38) User=0.17s Sys=0.00s Real=0.03s
[45.061s][info][gc,heap,exit] Heap
[45.062s][info][gc,heap,exit]  garbage-first heap   total 1392640K, used 491606K [0x00000004f1800000, 0x0000000800000000)
[45.062s][info][gc,heap,exit]   region size 8192K, 18 young (147456K), 3 survivors (24576K)
[45.062s][info][gc,heap,exit]  Metaspace       used 278071K, committed 281024K, reserved 1310720K
[45.062s][info][gc,heap,exit]   class space    used 38254K, committed 39488K, reserved 1048576K
