[0.011s][info][gc,heap] Heap region size: 2M
[0.013s][info][gc     ] Using G1
[0.013s][info][gc,heap,coops] Heap address: 0x00000004f1c00000, size: 12516 MB, Compressed Oops mode: Zero based, Oop shift amount: 3
[0.406s][info][gc,start     ] GC(0) Pause Young (Normal) (G1 Evacuation Pause)
[0.407s][info][gc,task      ] GC(0) Using 8 workers of 8 for evacuation
[0.415s][info][gc,phases    ] GC(0)   Pre Evacuate Collection Set: 0.0ms
[0.415s][info][gc,phases    ] GC(0)   Evacuate Collection Set: 6.5ms
[0.415s][info][gc,phases    ] GC(0)   Post Evacuate Collection Set: 0.7ms
[0.415s][info][gc,phases    ] GC(0)   Other: 1.5ms
[0.415s][info][gc,heap      ] GC(0) Eden regions: 12->0(82)
[0.415s][info][gc,heap      ] GC(0) Survivor regions: 0->2(2)
[0.416s][info][gc,heap      ] GC(0) Old regions: 0->2
[0.416s][info][gc,heap      ] GC(0) Humongous regions: 0->0
[0.416s][info][gc,metaspace ] GC(0) Metaspace: 20497K->20497K(1069056K)
[0.416s][info][gc           ] GC(0) Pause Young (Normal) (G1 Evacuation Pause) 24M->6M(280M) 9.990ms
[0.416s][info][gc,cpu       ] GC(0) User=0.06s Sys=0.00s Real=0.01s
[0.419s][info][gc,start     ] GC(1) Pause Young (Concurrent Start) (Metadata GC Threshold)
[0.419s][info][gc,task      ] GC(1) Using 8 workers of 8 for evacuation
[0.423s][info][gc,phases    ] GC(1)   Pre Evacuate Collection Set: 0.0ms
[0.423s][info][gc,phases    ] GC(1)   Evacuate Collection Set: 2.4ms
[0.423s][info][gc,phases    ] GC(1)   Post Evacuate Collection Set: 0.5ms
[0.424s][info][gc,phases    ] GC(1)   Other: 0.9ms
[0.424s][info][gc,heap      ] GC(1) Eden regions: 2->0(17)
[0.424s][info][gc,heap      ] GC(1) Survivor regions: 2->3(11)
[0.424s][info][gc,heap      ] GC(1) Old regions: 2->2
[0.424s][info][gc,heap      ] GC(1) Humongous regions: 0->0
[0.424s][info][gc,metaspace ] GC(1) Metaspace: 20640K->20640K(1069056K)
[0.424s][info][gc           ] GC(1) Pause Young (Concurrent Start) (Metadata GC Threshold) 10M->6M(280M) 5.279ms
[0.424s][info][gc,cpu       ] GC(1) User=0.02s Sys=0.00s Real=0.01s
[0.425s][info][gc           ] GC(2) Concurrent Cycle
[0.425s][info][gc,marking   ] GC(2) Concurrent Clear Claimed Marks
[0.425s][info][gc,marking   ] GC(2) Concurrent Clear Claimed Marks 0.127ms
[0.425s][info][gc,marking   ] GC(2) Concurrent Scan Root Regions
[0.427s][info][gc,marking   ] GC(2) Concurrent Scan Root Regions 1.942ms
[0.427s][info][gc,marking   ] GC(2) Concurrent Mark (0.427s)
[0.428s][info][gc,marking   ] GC(2) Concurrent Mark From Roots
[0.428s][info][gc,task      ] GC(2) Using 2 workers of 2 for marking
[0.431s][info][gc,marking   ] GC(2) Concurrent Mark From Roots 3.405ms
[0.431s][info][gc,marking   ] GC(2) Concurrent Preclean
[0.432s][info][gc,marking   ] GC(2) Concurrent Preclean 0.415ms
[0.432s][info][gc,marking   ] GC(2) Concurrent Mark (0.427s, 0.432s) 4.696ms
[0.433s][info][gc,start     ] GC(2) Pause Remark
[0.435s][info][gc,stringtable] GC(2) Cleaned string and symbol table, strings: 7263 processed, 0 removed, symbols: 73290 processed, 34 removed
[0.436s][info][gc            ] GC(2) Pause Remark 8M->8M(280M) 2.974ms
[0.436s][info][gc,cpu        ] GC(2) User=0.01s Sys=0.00s Real=0.00s
[0.436s][info][gc,marking    ] GC(2) Concurrent Rebuild Remembered Sets
[0.438s][info][gc,marking    ] GC(2) Concurrent Rebuild Remembered Sets 1.932ms
[0.439s][info][gc,start      ] GC(2) Pause Cleanup
[0.440s][info][gc            ] GC(2) Pause Cleanup 8M->8M(280M) 0.408ms
[0.440s][info][gc,cpu        ] GC(2) User=0.00s Sys=0.00s Real=0.00s
[0.440s][info][gc,marking    ] GC(2) Concurrent Cleanup for Next Mark
[0.442s][info][gc,marking    ] GC(2) Concurrent Cleanup for Next Mark 1.930ms
[0.442s][info][gc            ] GC(2) Concurrent Cycle 17.597ms
[0.648s][info][gc,start      ] GC(3) Pause Young (Normal) (G1 Evacuation Pause)
[0.648s][info][gc,task       ] GC(3) Using 8 workers of 8 for evacuation
[0.658s][info][gc,phases     ] GC(3)   Pre Evacuate Collection Set: 0.0ms
[0.658s][info][gc,phases     ] GC(3)   Evacuate Collection Set: 9.2ms
[0.658s][info][gc,phases     ] GC(3)   Post Evacuate Collection Set: 0.8ms
[0.658s][info][gc,phases     ] GC(3)   Other: 0.4ms
[0.659s][info][gc,heap       ] GC(3) Eden regions: 12->0(34)
[0.659s][info][gc,heap       ] GC(3) Survivor regions: 3->2(2)
[0.659s][info][gc,heap       ] GC(3) Old regions: 2->5
[0.659s][info][gc,heap       ] GC(3) Humongous regions: 0->0
[0.659s][info][gc,metaspace  ] GC(3) Metaspace: 24639K->24639K(1071104K)
[0.659s][info][gc            ] GC(3) Pause Young (Normal) (G1 Evacuation Pause) 30M->13M(280M) 11.593ms
[0.659s][info][gc,cpu        ] GC(3) User=0.02s Sys=0.06s Real=0.01s
[0.864s][info][gc,start      ] GC(4) Pause Young (Concurrent Start) (Metadata GC Threshold)
[0.864s][info][gc,task       ] GC(4) Using 8 workers of 8 for evacuation
[0.872s][info][gc,phases     ] GC(4)   Pre Evacuate Collection Set: 0.1ms
[0.872s][info][gc,phases     ] GC(4)   Evacuate Collection Set: 6.1ms
[0.872s][info][gc,phases     ] GC(4)   Post Evacuate Collection Set: 0.8ms
[0.872s][info][gc,phases     ] GC(4)   Other: 0.5ms
[0.872s][info][gc,heap       ] GC(4) Eden regions: 8->0(26)
[0.872s][info][gc,heap       ] GC(4) Survivor regions: 2->4(5)
[0.872s][info][gc,heap       ] GC(4) Old regions: 5->5
[0.872s][info][gc,heap       ] GC(4) Humongous regions: 0->0
[0.872s][info][gc,metaspace  ] GC(4) Metaspace: 34562K->34562K(1081344K)
[0.873s][info][gc            ] GC(4) Pause Young (Concurrent Start) (Metadata GC Threshold) 28M->17M(280M) 8.595ms
[0.873s][info][gc,cpu        ] GC(4) User=0.04s Sys=0.00s Real=0.01s
[0.873s][info][gc            ] GC(5) Concurrent Cycle
[0.873s][info][gc,marking    ] GC(5) Concurrent Clear Claimed Marks
[0.873s][info][gc,marking    ] GC(5) Concurrent Clear Claimed Marks 0.179ms
[0.873s][info][gc,marking    ] GC(5) Concurrent Scan Root Regions
[0.876s][info][gc,marking    ] GC(5) Concurrent Scan Root Regions 3.115ms
[0.877s][info][gc,marking    ] GC(5) Concurrent Mark (0.877s)
[0.877s][info][gc,marking    ] GC(5) Concurrent Mark From Roots
[0.877s][info][gc,task       ] GC(5) Using 2 workers of 2 for marking
[0.928s][info][gc,marking    ] GC(5) Concurrent Mark From Roots 51.050ms
[0.940s][info][gc,marking    ] GC(5) Concurrent Preclean
[0.980s][info][gc,marking    ] GC(5) Concurrent Preclean 39.846ms
[0.981s][info][gc,marking    ] GC(5) Concurrent Mark (0.877s, 0.980s) 103.668ms
[1.011s][info][gc,start      ] GC(5) Pause Remark
[1.014s][info][gc,stringtable] GC(5) Cleaned string and symbol table, strings: 14844 processed, 15 removed, symbols: 121708 processed, 72 removed
[1.014s][info][gc            ] GC(5) Pause Remark 21M->21M(280M) 3.433ms
[1.015s][info][gc,cpu        ] GC(5) User=0.02s Sys=0.00s Real=0.00s
[1.015s][info][gc,marking    ] GC(5) Concurrent Rebuild Remembered Sets
[1.022s][info][gc,marking    ] GC(5) Concurrent Rebuild Remembered Sets 6.869ms
[1.023s][info][gc,start      ] GC(5) Pause Cleanup
[1.023s][info][gc            ] GC(5) Pause Cleanup 22M->22M(280M) 0.336ms
[1.023s][info][gc,cpu        ] GC(5) User=0.00s Sys=0.00s Real=0.00s
[1.023s][info][gc,marking    ] GC(5) Concurrent Cleanup for Next Mark
[1.031s][info][gc,marking    ] GC(5) Concurrent Cleanup for Next Mark 7.440ms
[1.031s][info][gc            ] GC(5) Concurrent Cycle 158.253ms
[1.312s][info][gc,start      ] GC(6) Pause Young (Concurrent Start) (G1 Evacuation Pause)
[1.312s][info][gc,task       ] GC(6) Using 8 workers of 8 for evacuation
[1.328s][info][gc,phases     ] GC(6)   Pre Evacuate Collection Set: 0.1ms
[1.329s][info][gc,phases     ] GC(6)   Evacuate Collection Set: 13.9ms
[1.329s][info][gc,phases     ] GC(6)   Post Evacuate Collection Set: 2.0ms
[1.329s][info][gc,phases     ] GC(6)   Other: 0.7ms
[1.329s][info][gc,heap       ] GC(6) Eden regions: 19->0(31)
[1.329s][info][gc,heap       ] GC(6) Survivor regions: 4->3(3)
[1.330s][info][gc,heap       ] GC(6) Old regions: 5->9
[1.330s][info][gc,heap       ] GC(6) Humongous regions: 0->0
[1.330s][info][gc,metaspace  ] GC(6) Metaspace: 46043K->46043K(1091584K)
[1.330s][info][gc            ] GC(6) Pause Young (Concurrent Start) (G1 Evacuation Pause) 55M->23M(394M) 18.496ms
[1.330s][info][gc,cpu        ] GC(6) User=0.05s Sys=0.04s Real=0.01s
[1.330s][info][gc            ] GC(7) Concurrent Cycle
[1.331s][info][gc,marking    ] GC(7) Concurrent Clear Claimed Marks
[1.331s][info][gc,marking    ] GC(7) Concurrent Clear Claimed Marks 0.829ms
[1.332s][info][gc,marking    ] GC(7) Concurrent Scan Root Regions
[1.336s][info][gc,marking    ] GC(7) Concurrent Scan Root Regions 3.887ms
[1.336s][info][gc,marking    ] GC(7) Concurrent Mark (1.336s)
[1.337s][info][gc,marking    ] GC(7) Concurrent Mark From Roots
[1.337s][info][gc,task       ] GC(7) Using 2 workers of 2 for marking
[1.366s][info][gc,marking    ] GC(7) Concurrent Mark From Roots 29.168ms
[1.366s][info][gc,marking    ] GC(7) Concurrent Preclean
[1.367s][info][gc,marking    ] GC(7) Concurrent Preclean 0.418ms
[1.367s][info][gc,marking    ] GC(7) Concurrent Mark (1.336s, 1.367s) 30.330ms
[1.369s][info][gc,start      ] GC(7) Pause Remark
[1.373s][info][gc,stringtable] GC(7) Cleaned string and symbol table, strings: 18847 processed, 3 removed, symbols: 146880 processed, 44 removed
[1.373s][info][gc            ] GC(7) Pause Remark 32M->32M(394M) 3.819ms
[1.373s][info][gc,cpu        ] GC(7) User=0.02s Sys=0.00s Real=0.01s
[1.374s][info][gc,marking    ] GC(7) Concurrent Rebuild Remembered Sets
[1.392s][info][gc,marking    ] GC(7) Concurrent Rebuild Remembered Sets 18.485ms
[1.393s][info][gc,start      ] GC(7) Pause Cleanup
[1.393s][info][gc            ] GC(7) Pause Cleanup 35M->35M(394M) 0.380ms
[1.393s][info][gc,cpu        ] GC(7) User=0.00s Sys=0.00s Real=0.00s
[1.393s][info][gc,marking    ] GC(7) Concurrent Cleanup for Next Mark
[1.395s][info][gc,marking    ] GC(7) Concurrent Cleanup for Next Mark 1.288ms
[1.395s][info][gc            ] GC(7) Concurrent Cycle 64.530ms
[2.068s][info][gc,start      ] GC(8) Pause Young (Normal) (G1 Evacuation Pause)
[2.068s][info][gc,task       ] GC(8) Using 8 workers of 8 for evacuation
[2.095s][info][gc,phases     ] GC(8)   Pre Evacuate Collection Set: 0.0ms
[2.096s][info][gc,phases     ] GC(8)   Evacuate Collection Set: 21.1ms
[2.096s][info][gc,phases     ] GC(8)   Post Evacuate Collection Set: 6.0ms
[2.096s][info][gc,phases     ] GC(8)   Other: 0.6ms
[2.096s][info][gc,heap       ] GC(8) Eden regions: 31->0(44)
[2.096s][info][gc,heap       ] GC(8) Survivor regions: 3->5(5)
[2.096s][info][gc,heap       ] GC(8) Old regions: 9->12
[2.096s][info][gc,heap       ] GC(8) Humongous regions: 6->0
[2.097s][info][gc,metaspace  ] GC(8) Metaspace: 74507K->74507K(1118208K)
[2.097s][info][gc            ] GC(8) Pause Young (Normal) (G1 Evacuation Pause) 97M->32M(394M) 29.111ms
[2.097s][info][gc,cpu        ] GC(8) User=0.19s Sys=0.00s Real=0.03s
[2.384s][info][gc,start      ] GC(9) Pause Young (Concurrent Start) (Metadata GC Threshold)
[2.385s][info][gc,task       ] GC(9) Using 8 workers of 8 for evacuation
[2.398s][info][gc,phases     ] GC(9)   Pre Evacuate Collection Set: 0.3ms
[2.398s][info][gc,phases     ] GC(9)   Evacuate Collection Set: 9.5ms
[2.398s][info][gc,phases     ] GC(9)   Post Evacuate Collection Set: 2.8ms
[2.398s][info][gc,phases     ] GC(9)   Other: 0.9ms
[2.398s][info][gc,heap       ] GC(9) Eden regions: 9->0(43)
[2.398s][info][gc,heap       ] GC(9) Survivor regions: 5->2(7)
[2.398s][info][gc,heap       ] GC(9) Old regions: 12->17
[2.398s][info][gc,heap       ] GC(9) Humongous regions: 0->0
[2.398s][info][gc,metaspace  ] GC(9) Metaspace: 77747K->77747K(1120256K)
[2.398s][info][gc            ] GC(9) Pause Young (Concurrent Start) (Metadata GC Threshold) 49M->34M(394M) 14.278ms
[2.399s][info][gc,cpu        ] GC(9) User=0.07s Sys=0.00s Real=0.01s
[2.399s][info][gc            ] GC(10) Concurrent Cycle
[2.399s][info][gc,marking    ] GC(10) Concurrent Clear Claimed Marks
[2.399s][info][gc,marking    ] GC(10) Concurrent Clear Claimed Marks 0.389ms
[2.399s][info][gc,marking    ] GC(10) Concurrent Scan Root Regions
[2.401s][info][gc,marking    ] GC(10) Concurrent Scan Root Regions 1.690ms
[2.401s][info][gc,marking    ] GC(10) Concurrent Mark (2.401s)
[2.402s][info][gc,marking    ] GC(10) Concurrent Mark From Roots
[2.402s][info][gc,task       ] GC(10) Using 2 workers of 2 for marking
[2.443s][info][gc,marking    ] GC(10) Concurrent Mark From Roots 41.417ms
[2.443s][info][gc,marking    ] GC(10) Concurrent Preclean
[2.444s][info][gc,marking    ] GC(10) Concurrent Preclean 0.315ms
[2.444s][info][gc,marking    ] GC(10) Concurrent Mark (2.401s, 2.444s) 42.430ms
[2.444s][info][gc,start      ] GC(10) Pause Remark
[2.454s][info][gc,stringtable] GC(10) Cleaned string and symbol table, strings: 30436 processed, 276 removed, symbols: 234061 processed, 113 removed
[2.455s][info][gc            ] GC(10) Pause Remark 40M->40M(394M) 10.615ms
[2.455s][info][gc,cpu        ] GC(10) User=0.05s Sys=0.01s Real=0.01s
[2.455s][info][gc,marking    ] GC(10) Concurrent Rebuild Remembered Sets
[2.476s][info][gc,marking    ] GC(10) Concurrent Rebuild Remembered Sets 20.473ms
[2.476s][info][gc,start      ] GC(10) Pause Cleanup
[2.477s][info][gc            ] GC(10) Pause Cleanup 42M->42M(394M) 0.391ms
[2.477s][info][gc,cpu        ] GC(10) User=0.00s Sys=0.00s Real=0.00s
[2.477s][info][gc,marking    ] GC(10) Concurrent Cleanup for Next Mark
[2.478s][info][gc,marking    ] GC(10) Concurrent Cleanup for Next Mark 0.845ms
[2.478s][info][gc            ] GC(10) Concurrent Cycle 79.385ms
[3.724s][info][gc,start      ] GC(11) Pause Young (Concurrent Start) (G1 Evacuation Pause)
[3.724s][info][gc,task       ] GC(11) Using 8 workers of 8 for evacuation
[3.748s][info][gc,phases     ] GC(11)   Pre Evacuate Collection Set: 0.3ms
[3.748s][info][gc,phases     ] GC(11)   Evacuate Collection Set: 19.4ms
[3.748s][info][gc,phases     ] GC(11)   Post Evacuate Collection Set: 3.1ms
[3.748s][info][gc,phases     ] GC(11)   Other: 1.0ms
[3.748s][info][gc,heap       ] GC(11) Eden regions: 43->0(82)
[3.748s][info][gc,heap       ] GC(11) Survivor regions: 2->6(6)
[3.748s][info][gc,heap       ] GC(11) Old regions: 17->21
[3.748s][info][gc,heap       ] GC(11) Humongous regions: 6->6
[3.749s][info][gc,metaspace  ] GC(11) Metaspace: 92944K->92944K(1134592K)
[3.749s][info][gc            ] GC(11) Pause Young (Concurrent Start) (G1 Evacuation Pause) 132M->64M(394M) 25.021ms
[3.749s][info][gc,cpu        ] GC(11) User=0.16s Sys=0.00s Real=0.02s
[3.749s][info][gc            ] GC(12) Concurrent Cycle
[3.750s][info][gc,marking    ] GC(12) Concurrent Clear Claimed Marks
[3.751s][info][gc,marking    ] GC(12) Concurrent Clear Claimed Marks 0.520ms
[3.751s][info][gc,marking    ] GC(12) Concurrent Scan Root Regions
[3.758s][info][gc,marking    ] GC(12) Concurrent Scan Root Regions 6.703ms
[3.758s][info][gc,marking    ] GC(12) Concurrent Mark (3.758s)
[3.759s][info][gc,marking    ] GC(12) Concurrent Mark From Roots
[3.759s][info][gc,task       ] GC(12) Using 2 workers of 2 for marking
[3.810s][info][gc,marking    ] GC(12) Concurrent Mark From Roots 51.618ms
[3.811s][info][gc,marking    ] GC(12) Concurrent Preclean
[3.811s][info][gc,marking    ] GC(12) Concurrent Preclean 0.402ms
[3.811s][info][gc,marking    ] GC(12) Concurrent Mark (3.758s, 3.811s) 52.780ms
[3.814s][info][gc,start      ] GC(12) Pause Remark
[3.826s][info][gc,stringtable] GC(12) Cleaned string and symbol table, strings: 34991 processed, 21 removed, symbols: 267966 processed, 47 removed
[3.827s][info][gc            ] GC(12) Pause Remark 68M->68M(394M) 13.291ms
[3.827s][info][gc,cpu        ] GC(12) User=0.08s Sys=0.00s Real=0.01s
[3.827s][info][gc,marking    ] GC(12) Concurrent Rebuild Remembered Sets
[3.860s][info][gc,marking    ] GC(12) Concurrent Rebuild Remembered Sets 32.793ms
[3.861s][info][gc,start      ] GC(12) Pause Cleanup
[3.862s][info][gc            ] GC(12) Pause Cleanup 70M->70M(394M) 0.342ms
[3.862s][info][gc,cpu        ] GC(12) User=0.00s Sys=0.00s Real=0.00s
[3.862s][info][gc,marking    ] GC(12) Concurrent Cleanup for Next Mark
[3.862s][info][gc,marking    ] GC(12) Concurrent Cleanup for Next Mark 0.510ms
[3.863s][info][gc            ] GC(12) Concurrent Cycle 113.471ms
[4.555s][info][gc,start      ] GC(13) Pause Young (Normal) (G1 Evacuation Pause)
[4.555s][info][gc,task       ] GC(13) Using 8 workers of 8 for evacuation
[4.588s][info][gc,phases     ] GC(13)   Pre Evacuate Collection Set: 0.0ms
[4.589s][info][gc,phases     ] GC(13)   Evacuate Collection Set: 27.6ms
[4.589s][info][gc,phases     ] GC(13)   Post Evacuate Collection Set: 5.2ms
[4.589s][info][gc,phases     ] GC(13)   Other: 0.7ms
[4.589s][info][gc,heap       ] GC(13) Eden regions: 80->0(106)
[4.589s][info][gc,heap       ] GC(13) Survivor regions: 6->10(11)
[4.589s][info][gc,heap       ] GC(13) Old regions: 21->22
[4.590s][info][gc,heap       ] GC(13) Humongous regions: 6->6
[4.590s][info][gc,metaspace  ] GC(13) Metaspace: 95453K->95453K(1136640K)
[4.590s][info][gc            ] GC(13) Pause Young (Normal) (G1 Evacuation Pause) 224M->74M(682M) 34.975ms
[4.590s][info][gc,cpu        ] GC(13) User=0.18s Sys=0.06s Real=0.03s
[6.066s][info][gc,start      ] GC(14) Pause Young (Normal) (G1 Evacuation Pause)
[6.067s][info][gc,task       ] GC(14) Using 8 workers of 8 for evacuation
[6.097s][info][gc,phases     ] GC(14)   Pre Evacuate Collection Set: 0.0ms
[6.097s][info][gc,phases     ] GC(14)   Evacuate Collection Set: 24.0ms
[6.097s][info][gc,phases     ] GC(14)   Post Evacuate Collection Set: 5.7ms
[6.097s][info][gc,phases     ] GC(14)   Other: 0.5ms
[6.097s][info][gc,heap       ] GC(14) Eden regions: 99->0(197)
[6.097s][info][gc,heap       ] GC(14) Survivor regions: 10->7(14)
[6.097s][info][gc,heap       ] GC(14) Old regions: 22->27
[6.097s][info][gc,heap       ] GC(14) Humongous regions: 16->6
[6.098s][info][gc,metaspace  ] GC(14) Metaspace: 112530K->112530K(1150976K)
[6.098s][info][gc            ] GC(14) Pause Young (Normal) (G1 Evacuation Pause) 292M->79M(682M) 31.301ms
[6.098s][info][gc,cpu        ] GC(14) User=0.20s Sys=0.00s Real=0.03s
[11.361s][info][gc,start      ] GC(15) Pause Young (Normal) (G1 Evacuation Pause)
[11.361s][info][gc,task       ] GC(15) Using 8 workers of 8 for evacuation
[11.400s][info][gc,phases     ] GC(15)   Pre Evacuate Collection Set: 0.0ms
[11.400s][info][gc,phases     ] GC(15)   Evacuate Collection Set: 34.4ms
[11.400s][info][gc,phases     ] GC(15)   Post Evacuate Collection Set: 3.7ms
[11.401s][info][gc,phases     ] GC(15)   Other: 0.9ms
[11.401s][info][gc,heap       ] GC(15) Eden regions: 197->0(178)
[11.401s][info][gc,heap       ] GC(15) Survivor regions: 7->26(26)
[11.401s][info][gc,heap       ] GC(15) Old regions: 27->27
[11.402s][info][gc,heap       ] GC(15) Humongous regions: 8->6
[11.402s][info][gc,metaspace  ] GC(15) Metaspace: 133270K->133270K(1169408K)
[11.402s][info][gc            ] GC(15) Pause Young (Normal) (G1 Evacuation Pause) 477M->118M(682M) 41.138ms
[11.402s][info][gc,cpu        ] GC(15) User=0.28s Sys=0.01s Real=0.04s
[12.838s][info][gc,start      ] GC(16) Pause Young (Concurrent Start) (Metadata GC Threshold)
[12.838s][info][gc,task       ] GC(16) Using 8 workers of 8 for evacuation
[12.880s][info][gc,phases     ] GC(16)   Pre Evacuate Collection Set: 0.4ms
[12.880s][info][gc,phases     ] GC(16)   Evacuate Collection Set: 37.5ms
[12.880s][info][gc,phases     ] GC(16)   Post Evacuate Collection Set: 3.8ms
[12.880s][info][gc,phases     ] GC(16)   Other: 0.6ms
[12.881s][info][gc,heap       ] GC(16) Eden regions: 64->0(136)
[12.881s][info][gc,heap       ] GC(16) Survivor regions: 26->10(26)
[12.881s][info][gc,heap       ] GC(16) Old regions: 27->52
[12.881s][info][gc,heap       ] GC(16) Humongous regions: 6->6
[12.881s][info][gc,metaspace  ] GC(16) Metaspace: 157313K->157313K(1189888K)
[12.881s][info][gc            ] GC(16) Pause Young (Concurrent Start) (Metadata GC Threshold) 246M->135M(682M) 43.138ms
[12.881s][info][gc,cpu        ] GC(16) User=0.26s Sys=0.05s Real=0.05s
[12.881s][info][gc            ] GC(17) Concurrent Cycle
[12.881s][info][gc,marking    ] GC(17) Concurrent Clear Claimed Marks
[12.882s][info][gc,marking    ] GC(17) Concurrent Clear Claimed Marks 0.657ms
[12.882s][info][gc,marking    ] GC(17) Concurrent Scan Root Regions
[12.890s][info][gc,marking    ] GC(17) Concurrent Scan Root Regions 7.405ms
[12.890s][info][gc,marking    ] GC(17) Concurrent Mark (12.890s)
[12.890s][info][gc,marking    ] GC(17) Concurrent Mark From Roots
[12.890s][info][gc,task       ] GC(17) Using 2 workers of 2 for marking
[12.978s][info][gc,marking    ] GC(17) Concurrent Mark From Roots 88.542ms
[12.979s][info][gc,marking    ] GC(17) Concurrent Preclean
[12.979s][info][gc,marking    ] GC(17) Concurrent Preclean 0.299ms
[12.979s][info][gc,marking    ] GC(17) Concurrent Mark (12.890s, 12.979s) 89.502ms
[12.980s][info][gc,start      ] GC(17) Pause Remark
[13.002s][info][gc,stringtable] GC(17) Cleaned string and symbol table, strings: 57835 processed, 7 removed, symbols: 409286 processed, 142 removed
[13.002s][info][gc            ] GC(17) Pause Remark 142M->142M(682M) 22.594ms
[13.002s][info][gc,cpu        ] GC(17) User=0.15s Sys=0.00s Real=0.03s
[13.003s][info][gc,marking    ] GC(17) Concurrent Rebuild Remembered Sets
[13.058s][info][gc,marking    ] GC(17) Concurrent Rebuild Remembered Sets 55.743ms
[13.059s][info][gc,start      ] GC(17) Pause Cleanup
[13.059s][info][gc            ] GC(17) Pause Cleanup 143M->143M(682M) 0.328ms
[13.059s][info][gc,cpu        ] GC(17) User=0.00s Sys=0.00s Real=0.00s
[13.060s][info][gc,marking    ] GC(17) Concurrent Cleanup for Next Mark
[13.061s][info][gc,marking    ] GC(17) Concurrent Cleanup for Next Mark 1.483ms
[13.061s][info][gc            ] GC(17) Concurrent Cycle 179.995ms
[17.784s][info][gc,start      ] GC(18) Pause Young (Normal) (G1 Evacuation Pause)
[17.784s][info][gc,task       ] GC(18) Using 8 workers of 8 for evacuation
[17.835s][info][gc,phases     ] GC(18)   Pre Evacuate Collection Set: 0.0ms
[17.835s][info][gc,phases     ] GC(18)   Evacuate Collection Set: 46.0ms
[17.835s][info][gc,phases     ] GC(18)   Post Evacuate Collection Set: 3.9ms
[17.835s][info][gc,phases     ] GC(18)   Other: 1.1ms
[17.835s][info][gc,heap       ] GC(18) Eden regions: 136->0(170)
[17.836s][info][gc,heap       ] GC(18) Survivor regions: 10->19(19)
[17.836s][info][gc,heap       ] GC(18) Old regions: 52->95
[17.836s][info][gc,heap       ] GC(18) Humongous regions: 6->6
[17.836s][info][gc,metaspace  ] GC(18) Metaspace: 173212K->173212K(1204224K)
[17.836s][info][gc            ] GC(18) Pause Young (Normal) (G1 Evacuation Pause) 407M->238M(1014M) 52.440ms
[17.836s][info][gc,cpu        ] GC(18) User=0.32s Sys=0.04s Real=0.05s
[19.607s][info][gc,start      ] GC(19) Pause Young (Normal) (G1 Evacuation Pause)
[19.607s][info][gc,task       ] GC(19) Using 8 workers of 8 for evacuation
[19.649s][info][gc,phases     ] GC(19)   Pre Evacuate Collection Set: 0.0ms
[19.650s][info][gc,phases     ] GC(19)   Evacuate Collection Set: 38.5ms
[19.650s][info][gc,phases     ] GC(19)   Post Evacuate Collection Set: 3.5ms
[19.650s][info][gc,phases     ] GC(19)   Other: 0.6ms
[19.650s][info][gc,heap       ] GC(19) Eden regions: 161->0(175)
[19.650s][info][gc,heap       ] GC(19) Survivor regions: 19->22(23)
[19.650s][info][gc,heap       ] GC(19) Old regions: 95->116
[19.650s][info][gc,heap       ] GC(19) Humongous regions: 12->6
[19.650s][info][gc,metaspace  ] GC(19) Metaspace: 181544K->181544K(1210368K)
[19.650s][info][gc            ] GC(19) Pause Young (Normal) (G1 Evacuation Pause) 572M->285M(1014M) 43.614ms
[19.651s][info][gc,cpu        ] GC(19) User=0.27s Sys=0.00s Real=0.05s
[20.548s][info][gc,start      ] GC(20) Pause Young (Normal) (G1 Evacuation Pause)
[20.548s][info][gc,task       ] GC(20) Using 8 workers of 8 for evacuation
[20.574s][info][gc,phases     ] GC(20)   Pre Evacuate Collection Set: 0.0ms
[20.574s][info][gc,phases     ] GC(20)   Evacuate Collection Set: 23.0ms
[20.574s][info][gc,phases     ] GC(20)   Post Evacuate Collection Set: 2.3ms
[20.574s][info][gc,phases     ] GC(20)   Other: 0.5ms
[20.574s][info][gc,heap       ] GC(20) Eden regions: 175->0(184)
[20.574s][info][gc,heap       ] GC(20) Survivor regions: 22->7(25)
[20.574s][info][gc,heap       ] GC(20) Old regions: 116->137
[20.574s][info][gc,heap       ] GC(20) Humongous regions: 17->10
[20.575s][info][gc,metaspace  ] GC(20) Metaspace: 183787K->183787K(1212416K)
[20.575s][info][gc            ] GC(20) Pause Young (Normal) (G1 Evacuation Pause) 657M->306M(1014M) 26.882ms
[20.575s][info][gc,cpu        ] GC(20) User=0.19s Sys=0.00s Real=0.03s
[22.091s][info][gc,start      ] GC(21) Pause Young (Normal) (G1 Evacuation Pause)
[22.092s][info][gc,task       ] GC(21) Using 8 workers of 8 for evacuation
[22.100s][info][gc,phases     ] GC(21)   Pre Evacuate Collection Set: 0.0ms
[22.101s][info][gc,phases     ] GC(21)   Evacuate Collection Set: 4.5ms
[22.101s][info][gc,phases     ] GC(21)   Post Evacuate Collection Set: 3.8ms
[22.102s][info][gc,phases     ] GC(21)   Other: 1.2ms
[22.102s][info][gc,heap       ] GC(21) Eden regions: 184->0(202)
[22.102s][info][gc,heap       ] GC(21) Survivor regions: 7->3(24)
[22.103s][info][gc,heap       ] GC(21) Old regions: 137->137
[22.103s][info][gc,heap       ] GC(21) Humongous regions: 10->7
[22.103s][info][gc,metaspace  ] GC(21) Metaspace: 186762K->186762K(1216512K)
[22.103s][info][gc            ] GC(21) Pause Young (Normal) (G1 Evacuation Pause) 674M->291M(1014M) 12.482ms
[22.104s][info][gc,cpu        ] GC(21) User=0.05s Sys=0.01s Real=0.01s
[25.032s][info][gc,heap,exit  ] Heap
[25.032s][info][gc,heap,exit  ]  garbage-first heap   total 1038336K, used 705931K [0x00000004f1c00000, 0x0000000800000000)
[25.032s][info][gc,heap,exit  ]   region size 2048K, 186 young (380928K), 3 survivors (6144K)
[25.033s][info][gc,heap,exit  ]  Metaspace       used 191408K, capacity 197857K, committed 198176K, reserved 1220608K
[25.033s][info][gc,heap,exit  ]   class space    used 24809K, capacity 27380K, committed 27416K, reserved 1048576K
